Microchip MPLAB XC8 Compiler V1.35 ()

Linker command line:

--edf=/opt/microchip/xc8/v1.35/dat/en_msgs.txt -cs \
  -h+dist/XC8_Pic18F45K20/debug/SPI_TX.X.debug.sym \
  --cmf=dist/XC8_Pic18F45K20/debug/SPI_TX.X.debug.cmf -z -Q18F45K20 \
  -o/tmp/xcXKzmSr6 -Mdist/XC8_Pic18F45K20/debug/SPI_TX.X.debug.map -E1 \
  -ver=XC8 -ASTACK=060h-05eeh -pstack=STACK -ACODE=00h-07CFFh \
  -ACONST=00h-07CFFh -ASMALLCONST=0600h-06FFhx119 \
  -AMEDIUMCONST=0600h-07CFFh -ACOMRAM=01h-05Fh -AABS1=00h-05EEh \
  -ABIGRAM=01h-05EEh -ARAM=060h-0FFh,0100h-01FFhx4,0500h-05EEh \
  -ABANK0=060h-0FFh -ABANK1=0100h-01FFh -ABANK2=0200h-02FFh \
  -ABANK3=0300h-03FFh -ABANK4=0400h-04FFh -ABANK5=0500h-05EEh \
  -ASFR=0F60h-0F9Bh,0F9Dh-0FD3h,0FD5h-0FDAh,0FE0h-0FE2h,0FE8h-0FEAh,0FF0h-0FFBh \
  -preset_vec=00h,intcode=08h,intcodelo=018h,powerup,init,end_init \
  -pramtop=0600h -psmallconst=SMALLCONST -pmediumconst=MEDIUMCONST \
  -pconst=CONST -AFARRAM=00h-00h -ACONFIG=0300000h-030000Dh -pconfig=CONFIG \
  -AIDLOC=0200000h-0200007h -pidloc=IDLOC -AEEDATA=0F00000h-0F000FFh \
  -peeprom_data=EEDATA \
  -prdata=COMRAM,nvrram=COMRAM,nvbit=COMRAM,rbss=COMRAM,rbit=COMRAM \
  -pfarbss=FARRAM,fardata=FARRAM,nvFARRAM=FARRAM \
  -pintsave_regs=BIGRAM,bigbss=BIGRAM,bigdata=BIGRAM -pbss=RAM \
  -pidata=CODE,irdata=CODE,ibigdata=CODE,ifardata=CODE -prparam=COMRAM \
  /tmp/xcXH2pagA.obj dist/XC8_Pic18F45K20/debug/SPI_TX.X.debug.obj 

Object code version is 3.11

Machine type is 18F45K20

Call graph: (short form)




                Name                               Link     Load   Length Selector   Space Scale
/tmp/xcXH2pagA.obj
                end_init                             A6       A6        4        C       0
                reset_vec                             0        0        6        0       0
                idloc                            200000   200000        8   200000       0
                config                           300000   300000        E   300000       0
dist/XC8_Pic18F45K20/debug/SPI_TX.X.debug.obj
                intcodelo                            18       18       8E        C       0
                intcode                               8        8        E        4       0
                temp                                 24       24        1        1       1
                intcode_body                        11C      11C       6C        C       0
                text3                               1E6      1E6        6        C       0
                text2                               188      188       44        C       0
                text1                               1CC      1CC       10        C       0
                text0                                AA       AA       72        C       0
                cstackCOMRAM                          1        1       22        1       1
                cinit                               1DC      1DC        A        C       0
                nvCOMRAM                             23       23        1        1       1

TOTAL           Name                               Link     Load   Length     Space
        CLASS   STACK          

        CLASS   CODE           
                end_init                             A6       A6        4         0
                intcodelo                            18       18       8E         0
                intcode                               8        8        E         0
                reset_vec                             0        0        6         0
                intcode_body                        11C      11C       6C         0
                text3                               1E6      1E6        6         0
                text2                               188      188       44         0
                text1                               1CC      1CC       10         0
                text0                                AA       AA       72         0
                cinit                               1DC      1DC        A         0

        CLASS   CONST          

        CLASS   SMALLCONST     

        CLASS   MEDIUMCONST    

        CLASS   COMRAM         
                temp                                 24       24        1         1
                cstackCOMRAM                          1        1       22         1
                nvCOMRAM                             23       23        1         1

        CLASS   ABS1           

        CLASS   BIGRAM         

        CLASS   RAM            

        CLASS   BANK0          

        CLASS   BANK1          

        CLASS   BANK2          

        CLASS   BANK3          

        CLASS   BANK4          

        CLASS   BANK5          

        CLASS   SFR            

        CLASS   FARRAM         

        CLASS   CONFIG         
                config                           300000   300000        E         0

        CLASS   IDLOC          
                idloc                            200000   200000        8         0

        CLASS   EEDATA         



SEGMENTS        Name                           Load    Length   Top    Selector   Space  Class

                reset_vec                      000000  000006  000006         0       0  CODE    
                cstackCOMRAM                   000001  000024  000025         1       1  COMRAM  
                intcode                        000008  00000E  000016         4       0  CODE    
                intcodelo                      000018  0001D4  0001EC         C       0  CODE    
                idloc                          200000  000008  200008    200000       0  IDLOC   
                config                         300000  00000E  30000E    300000       0  CONFIG  


UNUSED ADDRESS RANGES

        Name                Unused          Largest block    Delta
        BANK0            000060-0000FF               A0
        BANK1            000100-0001FF              100
        BANK2            000200-0002FF              100
        BANK3            000300-0003FF              100
        BANK4            000400-0004FF              100
        BANK5            000500-0005EE               EF
        BIGRAM           000025-0005EE              5CA
        CODE             000006-000007                2
                         000016-000017                2
                         0001EC-007CFF             7B14
        COMRAM           000025-00005F               3B
        CONST            000006-000007                2
                         000016-000017                2
                         0001EC-007CFF             7B14
        EEDATA           F00000-F000FF              100
        MEDIUMCONST      000600-007CFF             7700
        RAM              000060-0005EE              100
        SFR              000F60-000F9B               3C
                         000F9D-000FD3               37
                         000FD5-000FDA                6
                         000FE0-000FE2                3
                         000FE8-000FEA                3
                         000FF0-000FFB                C
        SMALLCONST       000600-007CFF              100
        STACK            000060-0005EE              58F

                                  Symbol Table

SpiTxRx@data                  cstackCOMRAM 000020
_ANSEL                        (abs)        000F7E
_ANSELH                       (abs)        000F7F
_CKE                          (abs)        007E3E
_ConfigureOscillator          text3        0001E6
_GIE                          (abs)        007F97
_INTCONbits                   (abs)        000FF2
_InitApp                      text2        000188
_LED_Display                  nvCOMRAM     000023
_OSCCON                       (abs)        000FD3
_PORTA                        (abs)        000F80
_PORTBbits                    (abs)        000F81
_PORTC                        (abs)        000F82
_PORTD                        (abs)        000F83
_RBPU                         (abs)        007F8F
_SMP                          (abs)        007E3F
_SSPBUF                       (abs)        000FC9
_SSPCON1                      (abs)        000FC6
_SSPEN                        (abs)        007E35
_SSPIF                        (abs)        007CF3
_SpiTxRx                      text1        0001CC
_T0CON                        (abs)        000FD5
_T0CONbits                    (abs)        000FD5
_TMR0H                        (abs)        000FD7
_TMR0L                        (abs)        000FD6
_TRISA                        (abs)        000F92
_TRISB                        (abs)        000F93
_TRISC                        (abs)        000F94
_TRISD                        (abs)        000F95
_WPUB0                        (abs)        007BE0
__CFG_BOREN$OFF               (abs)        000000
__CFG_BORV$30                 (abs)        000000
__CFG_CCP2MX$PORTC            (abs)        000000
__CFG_CP0$OFF                 (abs)        000000
__CFG_CP1$OFF                 (abs)        000000
__CFG_CP2$OFF                 (abs)        000000
__CFG_CP3$OFF                 (abs)        000000
__CFG_CPB$OFF                 (abs)        000000
__CFG_CPD$OFF                 (abs)        000000
__CFG_EBTR0$OFF               (abs)        000000
__CFG_EBTR1$OFF               (abs)        000000
__CFG_EBTR2$OFF               (abs)        000000
__CFG_EBTR3$OFF               (abs)        000000
__CFG_EBTRB$OFF               (abs)        000000
__CFG_FCMEN$OFF               (abs)        000000
__CFG_FOSC$INTIO67            (abs)        000000
__CFG_HFOFST$ON               (abs)        000000
__CFG_IESO$OFF                (abs)        000000
__CFG_LPT1OSC$OFF             (abs)        000000
__CFG_LVP$OFF                 (abs)        000000
__CFG_MCLRE$ON                (abs)        000000
__CFG_PBADEN$OFF              (abs)        000000
__CFG_PWRT$OFF                (abs)        000000
__CFG_STVREN$ON               (abs)        000000
__CFG_WDTEN$OFF               (abs)        000000
__CFG_WDTPS$32768             (abs)        000000
__CFG_WRT0$OFF                (abs)        000000
__CFG_WRT1$OFF                (abs)        000000
__CFG_WRT2$OFF                (abs)        000000
__CFG_WRT3$OFF                (abs)        000000
__CFG_WRTB$OFF                (abs)        000000
__CFG_WRTC$OFF                (abs)        000000
__CFG_WRTD$OFF                (abs)        000000
__CFG_XINST$OFF               (abs)        000000
__HRAM                        (abs)        000000
__Habs1                       abs1         000000
__Hbank0                      bank0        000000
__Hbank1                      bank1        000000
__Hbank2                      bank2        000000
__Hbank3                      bank3        000000
__Hbank4                      bank4        000000
__Hbank5                      bank5        000000
__Hbigbss                     bigbss       000000
__Hbigdata                    bigdata      000000
__Hbigram                     bigram       000000
__Hbss                        bss          000000
__Hcinit                      cinit        000000
__Hclrtext                    clrtext      000000
__Hcomram                     comram       000000
__Hconfig                     config       30000E
__Hconst                      const        000000
__HcstackCOMRAM               cstackCOMRAM 000000
__Hdata                       data         000000
__Heeprom_data                eeprom_data  000000
__Hend_init                   end_init     0000AA
__Hfarbss                     farbss       000000
__Hfardata                    fardata      000000
__Hibigdata                   ibigdata     000000
__Hidata                      idata        000000
__Hidloc                      idloc        200008
__Hifardata                   ifardata     000000
__Hinit                       init         0000A6
__Hintcode                    intcode      000016
__Hintcode_body               intcode_body 000000
__Hintcodelo                  intcodelo    0000A6
__Hintentry                   intentry     000000
__Hintret                     intret       000000
__Hintsave_regs               intsave_regs 000000
__Hirdata                     irdata       000000
__Hmediumconst                mediumconst  000000
__HnvCOMRAM                   nvCOMRAM     000000
__HnvFARRAM                   nvFARRAM     000000
__Hnvbit                      nvbit        000000
__Hnvrram                     nvrram       000000
__Hparam                      rparam       000000
__Hpowerup                    powerup      0000A6
__Hram                        ram          000000
__Hramtop                     ramtop       000600
__Hrbit                       rbit         000000
__Hrbss                       rbss         000000
__Hrdata                      rdata        000000
__Hreset_vec                  reset_vec    000006
__Hrparam                     rparam       000000
__Hsfr                        sfr          000000
__Hsmallconst                 smallconst   000000
__Hspace_0                    (abs)        30000E
__Hspace_1                    (abs)        000025
__Hspace_2                    (abs)        000000
__Hstack                      stack        000000
__Hstruct                     struct       000000
__Htemp                       temp         000025
__Htext                       text         000000
__Htext0                      text0        000000
__Htext1                      text1        000000
__Htext2                      text2        000000
__Htext3                      text3        000000
__LRAM                        (abs)        000001
__Labs1                       abs1         000000
__Lbank0                      bank0        000000
__Lbank1                      bank1        000000
__Lbank2                      bank2        000000
__Lbank3                      bank3        000000
__Lbank4                      bank4        000000
__Lbank5                      bank5        000000
__Lbigbss                     bigbss       000000
__Lbigdata                    bigdata      000000
__Lbigram                     bigram       000000
__Lbss                        bss          000000
__Lcinit                      cinit        000000
__Lclrtext                    clrtext      000000
__Lcomram                     comram       000000
__Lconfig                     config       300000
__Lconst                      const        000000
__LcstackCOMRAM               cstackCOMRAM 000000
__Ldata                       data         000000
__Leeprom_data                eeprom_data  000000
__Lend_init                   end_init     0000A6
__Lfarbss                     farbss       000000
__Lfardata                    fardata      000000
__Libigdata                   ibigdata     000000
__Lidata                      idata        000000
__Lidloc                      idloc        200000
__Lifardata                   ifardata     000000
__Linit                       init         0000A6
__Lintcode                    intcode      000008
__Lintcode_body               intcode_body 000000
__Lintcodelo                  intcodelo    000018
__Lintentry                   intentry     000000
__Lintret                     intret       000000
__Lintsave_regs               intsave_regs 000000
__Lirdata                     irdata       000000
__Lmediumconst                mediumconst  000000
__LnvCOMRAM                   nvCOMRAM     000000
__LnvFARRAM                   nvFARRAM     000000
__Lnvbit                      nvbit        000000
__Lnvrram                     nvrram       000000
__Lparam                      rparam       000000
__Lpowerup                    powerup      0000A6
__Lram                        ram          000000
__Lramtop                     ramtop       000600
__Lrbit                       rbit         000000
__Lrbss                       rbss         000000
__Lrdata                      rdata        000000
__Lreset_vec                  reset_vec    000000
__Lrparam                     rparam       000000
__Lsfr                        sfr          000000
__Lsmallconst                 smallconst   000000
__Lspace_0                    (abs)        000000
__Lspace_1                    (abs)        000000
__Lspace_2                    (abs)        000000
__Lstack                      stack        000000
__Lstruct                     struct       000000
__Ltemp                       temp         000024
__Ltext                       text         000000
__Ltext0                      text0        000000
__Ltext1                      text1        000000
__Ltext2                      text2        000000
__Ltext3                      text3        000000
__S0                          (abs)        30000E
__S1                          (abs)        000025
__S2                          (abs)        000000
___inthi_sp                   stack        000000
___intlo_sp                   stack        000000
___param_bank                 (abs)        000010
___rparam_used                (abs)        000001
___sp                         stack        000000
__accesstop                   (abs)        000060
__activetblptr                (abs)        000000
__end_of_ConfigureOscillator  text3        0001EC
__end_of_InitApp              text2        0001CC
__end_of_SpiTxRx              text1        0001DC
__end_of__initialization      cinit        0001DC
__end_of_high_isr             intcode_body 000188
__end_of_low_isr              intcodelo    0000A6
__end_of_main                 text0        00011C
__initialization              cinit        0001DC
__mediumconst                 mediumconst  000000
__pcinit                      cinit        0001DC
__pcstackCOMRAM               cstackCOMRAM 000001
__pintcode                    intcode      000008
__pintcode_body               intcode_body 00011C
__pintcodelo                  intcodelo    000018
__pnvCOMRAM                   nvCOMRAM     000023
__ptext0                      text0        0000AA
__ptext1                      text1        0001CC
__ptext2                      text2        000188
__ptext3                      text3        0001E6
__ramtop                      ramtop       000600
__size_of_ConfigureOscillator (abs)        000000
__size_of_InitApp             (abs)        000000
__size_of_SpiTxRx             (abs)        000000
__size_of_high_isr            (abs)        000000
__size_of_low_isr             (abs)        000000
__size_of_main                (abs)        000000
__smallconst                  smallconst   000000
_high_isr                     intcode      000008
_low_isr                      intcodelo    000018
_main                         text0        0000AA
btemp                         temp         000024
end_of_initialization         cinit        0001DC
int$flags                     temp         000024
int_func                      intcode_body 00011C
intlevel0                     text         000000
intlevel1                     text         000000
intlevel2                     text         000000
intlevel3                     text         000000
main@BotonPresionado          cstackCOMRAM 000021
main@Direccion                cstackCOMRAM 000022
stackhi                       (abs)        0005EE
stacklo                       (abs)        000060
start                         init         0000A6
start_initialization          cinit        0001DC


FUNCTION INFORMATION:

 *************** function _main *****************
 Defined at:
		line 33 in file "main.c"
 Parameters:    Size  Location     Type
		None
 Auto vars:     Size  Location     Type
  Direccion       1   33[COMRAM] enum E3524
  BotonPresion    1   32[COMRAM] enum E3528
 Return value:  Size  Location     Type
		None               void
 Registers used:
		wreg, status,2, status,0, cstack
 Tracked objects:
		On entry : 
		On exit  : 
		Unchanged: 
 Data sizes:     COMRAM   BANK0   BANK1   BANK2   BANK3   BANK4   BANK5
      Params:         0       0       0       0       0       0       0
      Locals:         2       0       0       0       0       0       0
      Temps:          0       0       0       0       0       0       0
      Totals:         2       0       0       0       0       0       0
Total ram usage:        2 bytes
 Hardware stack levels required when called:    3
 This function calls:
		_ConfigureOscillator
		_InitApp
		_SpiTxRx
 This function is called by:
		Startup code after reset
 This function uses a non-reentrant model


 *************** function _SpiTxRx *****************
 Defined at:
		line 72 in file "user.c"
 Parameters:    Size  Location     Type
  data            1    wreg     unsigned char 
 Auto vars:     Size  Location     Type
  data            1   31[COMRAM] unsigned char 
 Return value:  Size  Location     Type
                  1    wreg      unsigned char 
 Registers used:
		wreg
 Tracked objects:
		On entry : 
		On exit  : 
		Unchanged: 
 Data sizes:     COMRAM   BANK0   BANK1   BANK2   BANK3   BANK4   BANK5
      Params:         0       0       0       0       0       0       0
      Locals:         1       0       0       0       0       0       0
      Temps:          0       0       0       0       0       0       0
      Totals:         1       0       0       0       0       0       0
Total ram usage:        1 bytes
 Hardware stack levels used:    1
 Hardware stack levels required when called:    2
 This function calls:
		Nothing
 This function is called by:
		_main
 This function uses a non-reentrant model


 *************** function _InitApp *****************
 Defined at:
		line 21 in file "user.c"
 Parameters:    Size  Location     Type
		None
 Auto vars:     Size  Location     Type
		None
 Return value:  Size  Location     Type
		None               void
 Registers used:
		wreg, status,2
 Tracked objects:
		On entry : 
		On exit  : 
		Unchanged: 
 Data sizes:     COMRAM   BANK0   BANK1   BANK2   BANK3   BANK4   BANK5
      Params:         0       0       0       0       0       0       0
      Locals:         0       0       0       0       0       0       0
      Temps:          0       0       0       0       0       0       0
      Totals:         0       0       0       0       0       0       0
Total ram usage:        0 bytes
 Hardware stack levels used:    1
 Hardware stack levels required when called:    2
 This function calls:
		Nothing
 This function is called by:
		_main
 This function uses a non-reentrant model


 *************** function _ConfigureOscillator *****************
 Defined at:
		line 24 in file "system.c"
 Parameters:    Size  Location     Type
		None
 Auto vars:     Size  Location     Type
		None
 Return value:  Size  Location     Type
		None               void
 Registers used:
		wreg, status,2
 Tracked objects:
		On entry : 
		On exit  : 
		Unchanged: 
 Data sizes:     COMRAM   BANK0   BANK1   BANK2   BANK3   BANK4   BANK5
      Params:         0       0       0       0       0       0       0
      Locals:         0       0       0       0       0       0       0
      Temps:          0       0       0       0       0       0       0
      Totals:         0       0       0       0       0       0       0
Total ram usage:        0 bytes
 Hardware stack levels used:    1
 Hardware stack levels required when called:    2
 This function calls:
		Nothing
 This function is called by:
		_main
 This function uses a non-reentrant model


 *************** function _low_isr *****************
 Defined at:
		line 67 in file "interrupts.c"
 Parameters:    Size  Location     Type
		None
 Auto vars:     Size  Location     Type
		None
 Return value:  Size  Location     Type
		None               void
 Registers used:
		None
 Tracked objects:
		On entry : 
		On exit  : 
		Unchanged: 
 Data sizes:     COMRAM   BANK0   BANK1   BANK2   BANK3   BANK4   BANK5
      Params:         0       0       0       0       0       0       0
      Locals:         0       0       0       0       0       0       0
      Temps:         17       0       0       0       0       0       0
      Totals:        17       0       0       0       0       0       0
Total ram usage:       17 bytes
 Hardware stack levels used:    1
 Hardware stack levels required when called:    1
 This function calls:
		Nothing
 This function is called by:
		Interrupt level 1
 This function uses a non-reentrant model


 *************** function _high_isr *****************
 Defined at:
		line 27 in file "interrupts.c"
 Parameters:    Size  Location     Type
		None
 Auto vars:     Size  Location     Type
		None
 Return value:  Size  Location     Type
		None               void
 Registers used:
		None
 Tracked objects:
		On entry : 
		On exit  : 
		Unchanged: 
 Data sizes:     COMRAM   BANK0   BANK1   BANK2   BANK3   BANK4   BANK5
      Params:         0       0       0       0       0       0       0
      Locals:         0       0       0       0       0       0       0
      Temps:         14       0       0       0       0       0       0
      Totals:        14       0       0       0       0       0       0
Total ram usage:       14 bytes
 Hardware stack levels used:    1
 This function calls:
		Nothing
 This function is called by:
		Interrupt level 2
 This function uses a non-reentrant model



MODULE INFORMATION

Module		Function		Class		Link	Load	Size
interrupts.c
		_high_isr      		CODE           	0008	0000	123
		_low_isr       		CODE           	0018	0000	143

interrupts.c estimated size: 266

shared
		__initialization		CODE           	01DC	0000	1

shared estimated size: 1

user.c
		_InitApp       		CODE           	0188	0000	69
		_SpiTxRx       		CODE           	01CC	0000	17

user.c estimated size: 86

main.c
		_main          		CODE           	00AA	0000	115

main.c estimated size: 115

system.c
		_ConfigureOscillator		CODE           	01E6	0000	7

system.c estimated size: 7

